========================================
📊 DAILY BOT REPORT - 2026-05-26
Generated: 2026-05-26 06:48 +08
========================================

🧠 IQ OPTION BOT:
   Trades: 0 (W:0 L:0)
   Balance: $N/A

📈 KUCOIN BOT:
   Running: No
   Portfolio: $9.655191987
   Daily PnL: $0

========================================
[2026-05-29 06:00] Balance: 5700.59 | Trades: 19 | Win Rate: 52.6% | P&L: +
[2026-05-29 07:00] Balance: 5664.04 | Trades: 42 | Win Rate: 50.0% | P&L: +
[2026-05-29 08:00] Balance: 5726.84 | Trades: 69 | Win Rate: 58.0% | P&L: +
[2026-05-29 09:00] Balance: 5602.44 | Trades: 102 | Win Rate: 52.9% | P&L: +
[2026-05-29 10:00] Balance: 5600.97 | Trades: 133 | Win Rate: 53.4% | P&L: +
[2026-05-29 11:00] Balance: 5581.05 | Trades: 154 | Win Rate: 52.6% | P&L: +
[2026-05-29 12:00] Balance: 5499.98 | Trades: 183 | Win Rate: 50.3% | P&L: +
[2026-05-29 13:00] Balance: 5518.51 | Trades: 219 | Win Rate: 51.1% | P&L: +
[2026-05-29 14:00] Balance: 5417.71 | Trades: 241 | Win Rate: 49.8% | P&L: +
[2026-05-29 15:00] Balance: 5476.37 | Trades: 276 | Win Rate: 51.1% | P&L: +
[2026-05-29 16:00] Balance: 5573.70 | Trades: 300 | Win Rate: 52.7% | P&L: +
[2026-05-29 17:00] Balance: 5620.57 | Trades: 335 | Win Rate: 53.4% | P&L: +
[2026-05-29 18:00] Balance: 5600.20 | Trades: 361 | Win Rate: 53.5% | P&L: +
[2026-05-29 19:00] Balance: 5510.24 | Trades: 387 | Win Rate: 52.5% | P&L: +
[2026-05-29 20:00] Balance: 5601.97 | Trades: 423 | Win Rate: 53.4% | P&L: +
[2026-05-29 21:00] Balance: 5570.19 | Trades: 442 | Win Rate: 53.2% | P&L: +
[2026-05-29 22:00] Balance: 5406.30 | Trades: 479 | Win Rate: 51.6% | P&L: +
[2026-05-29 23:00] Balance: 5304.93 | Trades: 505 | Win Rate: 50.9% | P&L: +
[2026-05-30 00:00] Balance: 5341.71 | Trades: 536 | Win Rate: 51.3% | P&L: +
[2026-05-30 01:00] Balance: 5281.77 | Trades: 555 | Win Rate: 50.8% | P&L: +
